2026-10-03 21:45:41,326 INFO kincp.run: running 162 jobs (full) with 3 workers
2026-10-03 22:07:10,605 INFO kincp.run: done LightGBM__barley__BaMMV__R2__main__1 1286.9s
2026-10-03 22:08:30,759 INFO kincp.run: done LightGBM__barley__BaYMV__R1__main__1 1366.8s
2026-10-03 22:08:34,917 INFO kincp.run: done LightGBM__barley__BaMMV__R1__main__1 1371.2s
2026-10-03 22:27:06,041 INFO kincp.run: done LightGBM__barley__BaYMV__R2__main__1 1195.4s
2026-10-03 22:35:21,833 INFO kincp.run: done LightGBM__pine__rootnum__R1__main__1 495.7s
2026-10-03 22:41:33,663 INFO kincp.run: done LightGBM__pine__rootnum__R2__main__1 371.8s
2026-10-03 22:47:19,496 INFO kincp.run: done LightGBM__pig__PFAI__R2__main__1 2324.5s
2026-10-03 22:47:37,803 INFO kincp.run: done LightGBM__pig__PFAI__R1__main__1 2347.0s
2026-10-03 22:49:50,610 INFO kincp.run: done LightGBM__pine__rootnumbin__R1__main__1 496.9s
2026-10-03 22:53:28,815 INFO kincp.run: done LightGBM__pine__rootnumbin__R2__main__1 369.3s
2026-10-03 22:53:46,824 INFO kincp.run: done sim__pig__h0.2__q10__r1__R1 17.9s
2026-10-03 22:53:57,814 INFO kincp.run: done sim__pig__h0.2__q10__r1__R2 10.9s
2026-10-03 22:54:08,450 INFO kincp.run: done sim__pig__h0.2__q10__r2__R1 10.6s
2026-10-03 22:54:19,259 INFO kincp.run: done sim__pig__h0.2__q10__r2__R2 10.7s
2026-10-03 22:54:30,108 INFO kincp.run: done sim__pig__h0.2__q10__r3__R1 10.8s
2026-10-03 22:54:41,018 INFO kincp.run: done sim__pig__h0.2__q10__r3__R2 10.8s
2026-10-03 22:54:51,653 INFO kincp.run: done sim__pig__h0.2__q10__r4__R1 10.6s
2026-10-03 22:55:02,317 INFO kincp.run: done sim__pig__h0.2__q10__r4__R2 10.6s
2026-10-03 22:55:13,031 INFO kincp.run: done sim__pig__h0.2__q10__r5__R1 10.7s
2026-10-03 22:55:23,951 INFO kincp.run: done sim__pig__h0.2__q10__r5__R2 10.8s
2026-10-03 22:55:34,671 INFO kincp.run: done sim__pig__h0.2__q1000__r1__R1 10.7s
2026-10-03 22:55:45,518 INFO kincp.run: done sim__pig__h0.2__q1000__r1__R2 10.8s
2026-10-03 22:55:54,647 INFO kincp.run: done LightGBM__pine__c5c6__R2__main__1 364.0s
2026-10-03 22:55:56,237 INFO kincp.run: done sim__pig__h0.2__q1000__r2__R1 10.7s
2026-10-03 22:55:57,504 INFO kincp.run: done LightGBM__pine__c5c6__R1__main__1 499.6s
2026-10-03 22:56:06,190 INFO kincp.run: done sim__pig__h0.2__q1000__r2__R2 11.5s
2026-10-03 22:56:06,723 INFO kincp.run: done sim__pig__h0.2__q1000__r3__R1 10.4s
2026-10-03 22:56:08,330 INFO kincp.run: done sim__pig__h0.2__q1000__r3__R2 10.8s
2026-10-03 22:56:16,808 INFO kincp.run: done sim__pig__h0.2__q1000__r4__R1 10.6s
2026-10-03 22:56:17,571 INFO kincp.run: done sim__pig__h0.2__q1000__r4__R2 10.8s
2026-10-03 22:56:18,841 INFO kincp.run: done sim__pig__h0.2__q1000__r5__R1 10.4s
2026-10-03 22:56:28,078 INFO kincp.run: done sim__pig__h0.2__q1000__r5__R2 11.2s
2026-10-03 22:56:28,342 INFO kincp.run: done sim__pig__h0.5__q10__r1__R1 10.7s
2026-10-03 22:56:29,706 INFO kincp.run: done sim__pig__h0.5__q10__r1__R2 10.8s
2026-10-03 22:56:39,093 INFO kincp.run: done sim__pig__h0.5__q10__r2__R2 10.7s
2026-10-03 22:56:39,276 INFO kincp.run: done sim__pig__h0.5__q10__r2__R1 11.1s
2026-10-03 22:56:40,289 INFO kincp.run: done sim__pig__h0.5__q10__r3__R1 10.5s
2026-10-03 22:56:49,615 INFO kincp.run: done sim__pig__h0.5__q10__r3__R2 10.5s
2026-10-03 22:56:50,095 INFO kincp.run: done sim__pig__h0.5__q10__r4__R1 10.8s
2026-10-03 22:56:50,808 INFO kincp.run: done sim__pig__h0.5__q10__r4__R2 10.5s
2026-10-03 22:57:00,496 INFO kincp.run: done sim__pig__h0.5__q10__r5__R1 10.8s
2026-10-03 22:57:01,279 INFO kincp.run: done sim__pig__h0.5__q1000__r1__R1 10.4s
2026-10-03 22:57:01,441 INFO kincp.run: done sim__pig__h0.5__q10__r5__R2 11.3s
2026-10-03 22:57:11,189 INFO kincp.run: done sim__pig__h0.5__q1000__r1__R2 10.6s
2026-10-03 22:57:11,963 INFO kincp.run: done sim__pig__h0.5__q1000__r2__R1 10.6s
2026-10-03 22:57:12,593 INFO kincp.run: done sim__pig__h0.5__q1000__r2__R2 11.1s
2026-10-03 22:57:21,724 INFO kincp.run: done sim__pig__h0.5__q1000__r3__R1 10.5s
2026-10-03 22:57:22,479 INFO kincp.run: done sim__pig__h0.5__q1000__r3__R2 10.5s
2026-10-03 22:57:23,709 INFO kincp.run: done sim__pig__h0.5__q1000__r4__R1 11.1s
2026-10-03 22:57:32,442 INFO kincp.run: done sim__pig__h0.5__q1000__r4__R2 10.7s
2026-10-03 22:57:32,820 INFO kincp.run: done sim__pig__h0.5__q1000__r5__R1 10.3s
2026-10-03 22:57:34,557 INFO kincp.run: done sim__pig__h0.5__q1000__r5__R2 10.8s
2026-10-03 22:57:43,176 INFO kincp.run: done sim__pig__h0.8__q10__r1__R2 10.3s
2026-10-03 22:57:43,471 INFO kincp.run: done sim__pig__h0.8__q10__r1__R1 11.0s
2026-10-03 22:57:45,387 INFO kincp.run: done sim__pig__h0.8__q10__r2__R1 10.8s
2026-10-03 22:57:53,701 INFO kincp.run: done sim__pig__h0.8__q10__r2__R2 10.5s
2026-10-03 22:57:54,200 INFO kincp.run: done sim__pig__h0.8__q10__r3__R1 10.7s
2026-10-03 22:57:56,317 INFO kincp.run: done sim__pig__h0.8__q10__r3__R2 10.9s
2026-10-03 22:58:04,186 INFO kincp.run: done sim__pig__h0.8__q10__r4__R1 10.4s
2026-10-03 22:58:04,773 INFO kincp.run: done sim__pig__h0.8__q10__r4__R2 10.5s
2026-10-03 22:58:07,187 INFO kincp.run: done sim__pig__h0.8__q10__r5__R1 10.8s
2026-10-03 22:58:15,298 INFO kincp.run: done sim__pig__h0.8__q10__r5__R2 11.1s
2026-10-03 22:58:15,764 INFO kincp.run: done sim__pig__h0.8__q1000__r1__R1 10.9s
2026-10-03 22:58:18,552 INFO kincp.run: done sim__pig__h0.8__q1000__r1__R2 11.3s
2026-10-03 22:58:26,246 INFO kincp.run: done sim__pig__h0.8__q1000__r2__R1 10.9s
2026-10-03 22:58:26,695 INFO kincp.run: done sim__pig__h0.8__q1000__r2__R2 10.9s
2026-10-03 22:58:29,594 INFO kincp.run: done sim__pig__h0.8__q1000__r3__R1 11.0s
2026-10-03 22:58:36,858 INFO kincp.run: done sim__pig__h0.8__q1000__r3__R2 10.5s
2026-10-03 22:58:37,531 INFO kincp.run: done sim__pig__h0.8__q1000__r4__R1 10.8s
2026-10-03 22:58:40,854 INFO kincp.run: done sim__pig__h0.8__q1000__r4__R2 11.2s
2026-10-03 22:58:47,733 INFO kincp.run: done sim__pig__h0.8__q1000__r5__R1 10.8s
2026-10-03 22:58:48,495 INFO kincp.run: done sim__pig__h0.8__q1000__r5__R2 10.9s
2026-10-03 23:09:05,996 INFO kincp.run: done LightGBM__bean__DPM__R1__main__1 617.4s
2026-10-03 23:09:07,171 INFO kincp.run: done LightGBM__bean__DF__R1__main__1 626.2s
2026-10-03 23:09:10,649 INFO kincp.run: done LightGBM__bean__DF__R2__main__1 622.9s
2026-10-03 23:19:32,827 INFO kincp.run: done LightGBM__bean__DPM__R2__main__1 626.8s
2026-10-03 23:19:39,666 INFO kincp.run: done LightGBM__bean__PHI__R2__main__1 628.9s
2026-10-03 23:19:41,024 INFO kincp.run: done LightGBM__bean__PHI__R1__main__1 633.8s
2026-10-03 23:27:50,390 INFO kincp.run: done LightGBM__lentil__DTF__R2__main__1 490.7s
2026-10-03 23:27:55,956 INFO kincp.run: done LightGBM__lentil__DTF__R1__main__1 503.0s
2026-10-03 23:28:02,624 INFO kincp.run: done LightGBM__lentil__VEG__R1__main__1 501.5s
2026-10-03 23:35:55,093 INFO kincp.run: done LightGBM__lentil__VEG__R2__main__1 484.6s
2026-10-03 23:36:04,546 INFO kincp.run: done LightGBM__lentil__DTM__R2__main__1 481.9s
2026-10-03 23:36:13,908 INFO kincp.run: done LightGBM__lentil__DTM__R1__main__1 497.9s
2026-10-03 23:44:34,366 INFO kincp.run: done LightGBM__rice__Plant_height__R1__main__1 500.4s
2026-10-03 23:44:47,337 INFO kincp.run: done LightGBM__oyster__mm__R2__main__1 522.7s
2026-10-03 23:45:02,256 INFO kincp.run: done LightGBM__oyster__mm__R1__main__1 547.1s
2026-10-03 23:52:27,388 INFO kincp.run: done LightGBM__rice__Plant_height__R2__main__1 472.9s
2026-10-03 23:52:57,547 INFO kincp.run: done LightGBM__rice__Culm_habit__R2__main__1 475.2s
2026-10-03 23:52:58,533 INFO kincp.run: done LightGBM__rice__Culm_habit__R1__main__1 491.1s
2026-10-04 00:00:35,742 INFO kincp.run: done LightGBM__rice__Flag_leaf_length__R1__main__1 488.3s
2026-10-04 00:00:37,199 INFO kincp.run: done LightGBM__rice__Flag_leaf_length__R2__main__1 459.6s
2026-10-04 00:01:06,811 INFO kincp.run: done LightGBM__soybean__C13__R1__main__1 488.2s
2026-10-04 00:08:13,538 INFO kincp.run: done LightGBM__soybean__C13__R2__main__1 457.7s
2026-10-04 00:08:26,875 INFO kincp.run: done LightGBM__soybean__Wilt__R1__main__1 469.6s
2026-10-04 00:08:41,301 INFO kincp.run: done LightGBM__soybean__Wilt__R2__main__1 454.4s
2026-10-04 00:17:16,387 INFO kincp.run: done LightGBM__wheatG__EW__R1__main__1 542.8s
2026-10-04 00:17:23,357 INFO kincp.run: done LightGBM__wheatG__EW__R2__main__1 536.4s
2026-10-04 00:17:40,139 INFO kincp.run: done LightGBM__wheatG__GH__R1__main__1 538.8s
2026-10-04 00:26:14,995 INFO kincp.run: done LightGBM__wheatG__GH__R2__main__1 538.5s
2026-10-04 00:26:18,135 INFO kincp.run: done sim__pine__h0.2__q10__r1__R1 3.1s
2026-10-04 00:26:20,516 INFO kincp.run: done sim__pine__h0.2__q10__r1__R2 2.3s
2026-10-04 00:26:23,362 INFO kincp.run: done sim__pine__h0.2__q10__r2__R1 2.8s
2026-10-04 00:26:25,782 INFO kincp.run: done sim__pine__h0.2__q10__r2__R2 2.3s
2026-10-04 00:26:28,810 INFO kincp.run: done sim__pine__h0.2__q10__r3__R1 3.0s
2026-10-04 00:26:30,590 INFO kincp.run: done LightGBM__wheatG__GPE__R1__main__1 547.2s
2026-10-04 00:26:31,302 INFO kincp.run: done sim__pine__h0.2__q10__r3__R2 2.4s
2026-10-04 00:26:33,634 INFO kincp.run: done sim__pine__h0.2__q10__r4__R1 3.0s
2026-10-04 00:26:33,716 INFO kincp.run: done sim__pine__h0.2__q10__r4__R2 2.4s
2026-10-04 00:26:36,071 INFO kincp.run: done sim__pine__h0.2__q10__r5__R2 2.3s
2026-10-04 00:26:36,693 INFO kincp.run: done sim__pine__h0.2__q10__r5__R1 3.0s
2026-10-04 00:26:39,019 INFO kincp.run: done sim__pine__h0.2__q1000__r1__R1 2.9s
2026-10-04 00:26:39,183 INFO kincp.run: done sim__pine__h0.2__q1000__r1__R2 2.4s
2026-10-04 00:26:40,312 INFO kincp.run: done LightGBM__wheatG__GPE__R2__main__1 540.1s
2026-10-04 00:26:41,633 INFO kincp.run: done sim__pine__h0.2__q1000__r2__R2 2.4s
2026-10-04 00:26:42,030 INFO kincp.run: done sim__pine__h0.2__q1000__r2__R1 3.0s
2026-10-04 00:26:43,268 INFO kincp.run: done sim__pine__h0.2__q1000__r3__R1 2.9s
2026-10-04 00:26:43,937 INFO kincp.run: done sim__pine__h0.2__q1000__r3__R2 2.2s
2026-10-04 00:26:44,942 INFO kincp.run: done sim__pine__h0.2__q1000__r4__R1 2.8s
2026-10-04 00:26:45,743 INFO kincp.run: done sim__pine__h0.2__q1000__r4__R2 2.4s
2026-10-04 00:26:46,951 INFO kincp.run: done sim__pine__h0.2__q1000__r5__R1 3.0s
2026-10-04 00:26:47,391 INFO kincp.run: done sim__pine__h0.2__q1000__r5__R2 2.4s
2026-10-04 00:26:48,979 INFO kincp.run: done sim__pine__h0.5__q10__r1__R1 3.2s
2026-10-04 00:26:49,317 INFO kincp.run: done sim__pine__h0.5__q10__r1__R2 2.3s
2026-10-04 00:26:50,424 INFO kincp.run: done sim__pine__h0.5__q10__r2__R1 3.0s
2026-10-04 00:26:51,407 INFO kincp.run: done sim__pine__h0.5__q10__r2__R2 2.4s
2026-10-04 00:26:52,136 INFO kincp.run: done sim__pine__h0.5__q10__r3__R1 2.8s
2026-10-04 00:26:52,805 INFO kincp.run: done sim__pine__h0.5__q10__r3__R2 2.3s
2026-10-04 00:26:54,281 INFO kincp.run: done sim__pine__h0.5__q10__r4__R1 2.8s
2026-10-04 00:26:54,697 INFO kincp.run: done sim__pine__h0.5__q10__r4__R2 2.5s
2026-10-04 00:26:54,749 INFO kincp.run: skip sim__pine__h0.5__q1000__r1__R1
2026-10-04 00:26:55,819 INFO kincp.run: done sim__pine__h0.5__q10__r5__R1 2.9s
2026-10-04 00:26:56,705 INFO kincp.run: done sim__pine__h0.5__q10__r5__R2 2.4s
2026-10-04 00:26:57,132 INFO kincp.run: done sim__pine__h0.5__q1000__r1__R2 2.4s
2026-10-04 00:26:58,892 INFO kincp.run: done sim__pine__h0.5__q1000__r2__R1 3.0s
2026-10-04 00:26:59,222 INFO kincp.run: done sim__pine__h0.5__q1000__r2__R2 2.4s
2026-10-04 00:27:00,331 INFO kincp.run: done sim__pine__h0.5__q1000__r3__R1 3.1s
2026-10-04 00:27:01,381 INFO kincp.run: done sim__pine__h0.5__q1000__r3__R2 2.4s
2026-10-04 00:27:02,401 INFO kincp.run: done sim__pine__h0.5__q1000__r4__R1 3.1s
2026-10-04 00:27:02,827 INFO kincp.run: done sim__pine__h0.5__q1000__r4__R2 2.4s
2026-10-04 00:27:04,362 INFO kincp.run: done sim__pine__h0.5__q1000__r5__R1 2.9s
2026-10-04 00:27:04,944 INFO kincp.run: done sim__pine__h0.5__q1000__r5__R2 2.5s
2026-10-04 00:27:05,909 INFO kincp.run: done sim__pine__h0.8__q10__r1__R1 3.0s
2026-10-04 00:27:06,866 INFO kincp.run: done sim__pine__h0.8__q10__r1__R2 2.4s
2026-10-04 00:27:07,903 INFO kincp.run: done sim__pine__h0.8__q10__r2__R1 2.9s
2026-10-04 00:27:08,372 INFO kincp.run: done sim__pine__h0.8__q10__r2__R2 2.4s
2026-10-04 00:27:09,949 INFO kincp.run: done sim__pine__h0.8__q10__r3__R1 3.0s
2026-10-04 00:27:10,407 INFO kincp.run: done sim__pine__h0.8__q10__r3__R2 2.4s
2026-10-04 00:27:11,446 INFO kincp.run: done sim__pine__h0.8__q10__r4__R1 3.0s
2026-10-04 00:27:12,502 INFO kincp.run: done sim__pine__h0.8__q10__r4__R2 2.5s
2026-10-04 00:27:13,597 INFO kincp.run: done sim__pine__h0.8__q10__r5__R1 3.1s
2026-10-04 00:27:13,963 INFO kincp.run: done sim__pine__h0.8__q10__r5__R2 2.5s
2026-10-04 00:27:15,521 INFO kincp.run: done sim__pine__h0.8__q1000__r1__R1 3.0s
2026-10-04 00:27:16,091 INFO kincp.run: done sim__pine__h0.8__q1000__r1__R2 2.4s
2026-10-04 00:27:17,148 INFO kincp.run: done sim__pine__h0.8__q1000__r2__R1 3.1s
2026-10-04 00:27:17,987 INFO kincp.run: done sim__pine__h0.8__q1000__r2__R2 2.4s
2026-10-04 00:27:19,266 INFO kincp.run: done sim__pine__h0.8__q1000__r3__R1 3.1s
2026-10-04 00:27:19,610 INFO kincp.run: done sim__pine__h0.8__q1000__r3__R2 2.4s
2026-10-04 00:27:20,928 INFO kincp.run: done sim__pine__h0.8__q1000__r4__R1 2.9s
2026-10-04 00:27:21,743 INFO kincp.run: done sim__pine__h0.8__q1000__r4__R2 2.4s
2026-10-04 00:27:22,556 INFO kincp.run: done sim__pine__h0.8__q1000__r5__R1 2.9s
2026-10-04 00:27:23,339 INFO kincp.run: done sim__pine__h0.8__q1000__r5__R2 2.4s
