2026-10-04 01:33:37,906 INFO kincp.run: running 535 jobs (full) with 4 workers
2026-10-04 01:33:39,228 INFO kincp.run: skip LightGBM__barley__BaMMV__R1__main__1
2026-10-04 01:33:39,295 INFO kincp.run: skip LightGBM__pig__PFAI__R1__main__1
2026-10-04 01:33:39,295 INFO kincp.run: skip LightGBM__pig__PFAI__R2__main__1
2026-10-04 01:33:39,295 INFO kincp.run: skip LightGBM__pine__rootnum__R1__main__1
2026-10-04 01:33:39,295 INFO kincp.run: skip LightGBM__pine__rootnum__R2__main__1
2026-10-04 01:33:39,295 INFO kincp.run: skip LightGBM__pine__rootnumbin__R1__main__1
2026-10-04 01:33:39,295 INFO kincp.run: skip LightGBM__pine__rootnumbin__R2__main__1
2026-10-04 01:33:39,306 INFO kincp.run: skip LightGBM__pine__c5c6__R1__main__1
2026-10-04 01:33:39,322 INFO kincp.run: skip LightGBM__pine__c5c6__R2__main__1
2026-10-04 01:33:39,325 INFO kincp.run: skip GBLUP__maize__Yield_Mg_ha__R1__main__12345
2026-10-04 01:33:39,325 INFO kincp.run: skip GBLUP__maize__Yield_Mg_ha__R2__main__12345
2026-10-04 01:33:39,325 INFO kincp.run: skip GBLUP__maize__Yield_Mg_ha__R3__main__12345
2026-10-04 01:33:39,325 INFO kincp.run: skip RKHS__maize__Yield_Mg_ha__R1__main__1
2026-10-04 01:33:39,325 INFO kincp.run: skip LightGBM__barley__BaMMV__R2__main__1
2026-10-04 01:33:39,325 INFO kincp.run: skip RKHS__maize__Yield_Mg_ha__R2__main__12
2026-10-04 01:33:39,325 INFO kincp.run: skip GBLUP__maize__Yield_Mg_ha__R2k3__granularity__1
2026-10-04 01:33:39,326 INFO kincp.run: skip LightGBM__barley__BaYMV__R2__main__1
2026-10-04 01:33:39,326 INFO kincp.run: skip GBLUP__maize__Yield_Mg_ha__R2k10__granularity__1
2026-10-04 01:33:39,326 INFO kincp.run: skip LightGBM__barley__BaYMV__R1__main__1
2026-10-04 01:33:39,390 INFO kincp.run: skip GBLUP__maize__Yield_Mg_ha__R1__explore__1
2026-10-04 01:33:39,408 INFO kincp.run: skip GBLUP__maize__Yield_Mg_ha__R2__explore__1
2026-10-04 01:33:39,409 INFO kincp.run: skip GBLUP__maize__Yield_Mg_ha__R1__dedup__1
2026-10-04 01:33:39,410 INFO kincp.run: skip GBLUP__maize__Yield_Mg_ha__R2__dedup__1
2026-10-04 01:33:39,410 INFO kincp.run: skip GBLUP__maize__Grain_Moisture__R1__main__12345
2026-10-04 01:33:39,410 INFO kincp.run: skip GBLUP__maize__Grain_Moisture__R2__main__12345
2026-10-04 01:33:39,410 INFO kincp.run: skip GBLUP__maize__Grain_Moisture__R3__main__12345
2026-10-04 01:33:39,410 INFO kincp.run: skip RKHS__maize__Grain_Moisture__R1__main__1
2026-10-04 01:33:39,410 INFO kincp.run: skip RKHS__maize__Grain_Moisture__R2__main__12
2026-10-04 01:33:39,410 INFO kincp.run: skip GBLUP__maize__Grain_Moisture__R2k3__granularity__1
2026-10-04 01:33:39,410 INFO kincp.run: skip GBLUP__maize__Grain_Moisture__R2k10__granularity__1
2026-10-04 01:36:07,758 INFO kincp.run: done GBLUP__maize__Grain_Moisture__R2__competitor__1 148.4s
2026-10-04 01:36:07,872 INFO kincp.run: skip GBLUP__maize__Grain_Moisture__R1__explore__1
2026-10-04 01:36:07,880 INFO kincp.run: skip GBLUP__maize__Grain_Moisture__R2__explore__1
2026-10-04 01:36:07,884 INFO kincp.run: skip GBLUP__maize__Grain_Moisture__R1__dedup__1
2026-10-04 01:36:07,884 INFO kincp.run: skip GBLUP__maize__Grain_Moisture__R2__dedup__1
2026-10-04 01:36:07,884 INFO kincp.run: skip GBLUP__maize__Plant_Height_cm__R1__main__12345
2026-10-04 01:36:07,884 INFO kincp.run: skip GBLUP__maize__Plant_Height_cm__R2__main__12345
2026-10-04 01:36:07,884 INFO kincp.run: skip GBLUP__maize__Plant_Height_cm__R3__main__12345
2026-10-04 01:36:07,884 INFO kincp.run: skip RKHS__maize__Plant_Height_cm__R1__main__1
2026-10-04 01:36:07,884 INFO kincp.run: skip RKHS__maize__Plant_Height_cm__R2__main__12
2026-10-04 01:36:07,884 INFO kincp.run: skip GBLUP__maize__Plant_Height_cm__R2k3__granularity__1
2026-10-04 01:36:10,285 INFO kincp.run: done GBLUP__maize__Yield_Mg_ha__R2__competitor__1 150.9s
2026-10-04 01:36:10,981 INFO kincp.run: done GBLUP__maize__Grain_Moisture__R1__competitor__1 151.6s
2026-10-04 01:36:11,053 INFO kincp.run: skip GBLUP__maize__Plant_Height_cm__R2__explore__1
2026-10-04 01:36:11,053 INFO kincp.run: skip GBLUP__maize__Plant_Height_cm__R1__dedup__1
2026-10-04 01:36:11,064 INFO kincp.run: skip GBLUP__maize__Plant_Height_cm__R2__dedup__1
2026-10-04 01:36:11,069 INFO kincp.run: skip sim__maize__h0.2__q10__r1__R1
2026-10-04 01:36:11,071 INFO kincp.run: skip sim__maize__h0.2__q10__r1__R2
2026-10-04 01:36:11,071 INFO kincp.run: skip sim__maize__h0.2__q10__r2__R1
2026-10-04 01:36:11,072 INFO kincp.run: skip sim__maize__h0.2__q10__r2__R2
2026-10-04 01:36:11,073 INFO kincp.run: skip sim__maize__h0.2__q10__r3__R1
2026-10-04 01:36:11,079 INFO kincp.run: skip sim__maize__h0.2__q10__r3__R2
2026-10-04 01:36:11,080 INFO kincp.run: skip sim__maize__h0.2__q10__r4__R1
2026-10-04 01:36:11,080 INFO kincp.run: skip sim__maize__h0.2__q10__r4__R2
2026-10-04 01:36:11,080 INFO kincp.run: skip sim__maize__h0.2__q10__r5__R1
2026-10-04 01:36:11,080 INFO kincp.run: skip sim__maize__h0.2__q10__r5__R2
2026-10-04 01:36:11,080 INFO kincp.run: skip sim__maize__h0.2__q1000__r1__R1
2026-10-04 01:36:11,080 INFO kincp.run: skip sim__maize__h0.2__q1000__r1__R2
2026-10-04 01:36:11,080 INFO kincp.run: skip sim__maize__h0.2__q1000__r2__R1
2026-10-04 01:36:11,080 INFO kincp.run: skip sim__maize__h0.2__q1000__r2__R2
2026-10-04 01:36:11,080 INFO kincp.run: skip sim__maize__h0.2__q1000__r3__R1
2026-10-04 01:36:11,080 INFO kincp.run: skip sim__maize__h0.2__q1000__r3__R2
2026-10-04 01:36:11,080 INFO kincp.run: skip sim__maize__h0.2__q1000__r4__R1
2026-10-04 01:36:11,080 INFO kincp.run: skip sim__maize__h0.2__q1000__r4__R2
2026-10-04 01:36:11,095 INFO kincp.run: skip sim__maize__h0.2__q1000__r5__R1
2026-10-04 01:36:11,095 INFO kincp.run: skip sim__maize__h0.2__q1000__r5__R2
2026-10-04 01:36:11,095 INFO kincp.run: skip sim__maize__h0.5__q10__r1__R1
2026-10-04 01:36:11,095 INFO kincp.run: skip sim__maize__h0.5__q10__r1__R2
2026-10-04 01:36:11,095 INFO kincp.run: skip sim__maize__h0.5__q10__r2__R1
2026-10-04 01:36:11,095 INFO kincp.run: skip sim__maize__h0.5__q10__r2__R2
2026-10-04 01:36:11,095 INFO kincp.run: skip sim__maize__h0.5__q10__r3__R1
2026-10-04 01:36:11,095 INFO kincp.run: skip sim__maize__h0.5__q10__r3__R2
2026-10-04 01:36:11,096 INFO kincp.run: skip sim__maize__h0.5__q10__r4__R1
2026-10-04 01:36:11,096 INFO kincp.run: skip sim__maize__h0.5__q10__r4__R2
2026-10-04 01:36:11,096 INFO kincp.run: skip sim__maize__h0.5__q10__r5__R1
2026-10-04 01:36:11,107 INFO kincp.run: skip sim__maize__h0.5__q10__r5__R2
2026-10-04 01:36:11,108 INFO kincp.run: skip sim__maize__h0.5__q1000__r1__R1
2026-10-04 01:36:11,108 INFO kincp.run: skip sim__maize__h0.5__q1000__r1__R2
2026-10-04 01:36:11,112 INFO kincp.run: skip sim__maize__h0.5__q1000__r2__R1
2026-10-04 01:36:11,113 INFO kincp.run: skip sim__maize__h0.5__q1000__r2__R2
2026-10-04 01:36:11,113 INFO kincp.run: skip sim__maize__h0.5__q1000__r3__R1
2026-10-04 01:36:11,114 INFO kincp.run: skip sim__maize__h0.5__q1000__r3__R2
2026-10-04 01:36:11,114 INFO kincp.run: skip sim__maize__h0.5__q1000__r4__R1
2026-10-04 01:36:11,115 INFO kincp.run: skip sim__maize__h0.5__q1000__r4__R2
2026-10-04 01:36:11,120 INFO kincp.run: skip sim__maize__h0.5__q1000__r5__R1
2026-10-04 01:36:11,120 INFO kincp.run: skip sim__maize__h0.5__q1000__r5__R2
2026-10-04 01:36:11,120 INFO kincp.run: skip sim__maize__h0.8__q10__r1__R1
2026-10-04 01:36:11,120 INFO kincp.run: skip sim__maize__h0.8__q10__r1__R2
2026-10-04 01:36:11,120 INFO kincp.run: skip sim__maize__h0.8__q10__r2__R1
2026-10-04 01:36:11,120 INFO kincp.run: skip sim__maize__h0.8__q10__r2__R2
2026-10-04 01:36:11,120 INFO kincp.run: skip sim__maize__h0.8__q10__r3__R1
2026-10-04 01:36:11,120 INFO kincp.run: skip sim__maize__h0.8__q10__r3__R2
2026-10-04 01:36:11,120 INFO kincp.run: skip sim__maize__h0.8__q10__r4__R1
2026-10-04 01:36:11,120 INFO kincp.run: skip sim__maize__h0.8__q10__r4__R2
2026-10-04 01:36:11,120 INFO kincp.run: skip sim__maize__h0.8__q10__r5__R1
2026-10-04 01:36:11,120 INFO kincp.run: skip sim__maize__h0.8__q10__r5__R2
2026-10-04 01:36:11,120 INFO kincp.run: skip sim__maize__h0.8__q1000__r1__R1
2026-10-04 01:36:11,120 INFO kincp.run: skip sim__maize__h0.8__q1000__r1__R2
2026-10-04 01:36:11,120 INFO kincp.run: skip sim__maize__h0.8__q1000__r2__R1
2026-10-04 01:36:11,121 INFO kincp.run: skip sim__maize__h0.8__q1000__r2__R2
2026-10-04 01:36:11,121 INFO kincp.run: skip sim__maize__h0.8__q1000__r3__R1
2026-10-04 01:36:11,121 INFO kincp.run: skip sim__maize__h0.8__q1000__r3__R2
2026-10-04 01:36:11,121 INFO kincp.run: skip sim__maize__h0.8__q1000__r4__R1
2026-10-04 01:36:11,131 INFO kincp.run: skip sim__maize__h0.8__q1000__r4__R2
2026-10-04 01:36:11,131 INFO kincp.run: skip sim__maize__h0.8__q1000__r5__R1
2026-10-04 01:36:11,131 INFO kincp.run: skip sim__maize__h0.8__q1000__r5__R2
2026-10-04 01:36:11,131 INFO kincp.run: skip GBLUP__barley__BaMMV__R1__main__12345
2026-10-04 01:36:11,131 INFO kincp.run: skip GBLUP__barley__BaMMV__R2__main__12345
2026-10-04 01:36:11,131 INFO kincp.run: skip GBLUP__barley__BaMMV__R3__main__12345
2026-10-04 01:36:11,131 INFO kincp.run: skip RKHS__barley__BaMMV__R1__main__1
2026-10-04 01:36:11,132 INFO kincp.run: skip RKHS__barley__BaMMV__R2__main__12
2026-10-04 01:36:13,083 INFO kincp.run: done GBLUP__maize__Yield_Mg_ha__R1__competitor__1 153.8s
2026-10-04 01:36:13,157 INFO kincp.run: skip GBLUP__barley__BaMMV__R1__explore__1
2026-10-04 01:36:13,157 INFO kincp.run: skip GBLUP__barley__BaMMV__R2__explore__1
2026-10-04 01:36:13,157 INFO kincp.run: skip GBLUP__barley__BaMMV__R1__dedup__1
2026-10-04 01:36:13,157 INFO kincp.run: skip GBLUP__barley__BaMMV__R2__dedup__1
2026-10-04 01:36:13,157 INFO kincp.run: skip GBLUP__barley__BaYMV__R1__main__12345
2026-10-04 01:36:13,157 INFO kincp.run: skip GBLUP__barley__BaYMV__R2__main__12345
2026-10-04 01:36:13,157 INFO kincp.run: skip GBLUP__barley__BaYMV__R3__main__12345
2026-10-04 01:36:13,157 INFO kincp.run: skip RKHS__barley__BaYMV__R1__main__1
2026-10-04 01:36:20,687 INFO kincp.run: skip RKHS__barley__BaYMV__R2__main__12
2026-10-04 01:36:20,687 INFO kincp.run: skip GBLUP__barley__BaYMV__R2k3__granularity__1
2026-10-04 01:36:20,687 INFO kincp.run: skip GBLUP__barley__BaYMV__R2k10__granularity__1
2026-10-04 01:36:20,687 INFO kincp.run: done GBLUP__barley__BaYMV__R1__competitor__1 7.5s
2026-10-04 01:36:25,957 INFO kincp.run: skip GBLUP__barley__BaMMV__R2k3__granularity__1
2026-10-04 01:36:25,957 INFO kincp.run: skip GBLUP__barley__BaMMV__R2k10__granularity__1
2026-10-04 01:36:25,957 INFO kincp.run: done GBLUP__barley__BaMMV__R1__competitor__1 7.5s
2026-10-04 01:36:25,957 INFO kincp.run: done GBLUP__barley__BaMMV__R2__competitor__1 7.4s
2026-10-04 01:36:26,018 INFO kincp.run: skip GBLUP__barley__BaYMV__R2__dedup__1
2026-10-04 01:36:26,018 INFO kincp.run: skip GBLUP__pig__PFAI__R1__main__12345
2026-10-04 01:36:26,018 INFO kincp.run: skip GBLUP__pig__PFAI__R2__main__12345
2026-10-04 01:36:26,018 INFO kincp.run: skip GBLUP__pig__PFAI__R3__main__12345
2026-10-04 01:36:26,018 INFO kincp.run: skip RKHS__pig__PFAI__R1__main__1
2026-10-04 01:36:26,018 INFO kincp.run: skip RKHS__pig__PFAI__R2__main__12
2026-10-04 01:36:26,018 INFO kincp.run: skip GBLUP__pig__PFAI__R2k3__granularity__1
2026-10-04 01:36:26,018 INFO kincp.run: skip GBLUP__pig__PFAI__R2k10__granularity__1
2026-10-04 01:36:28,264 INFO kincp.run: done GBLUP__barley__BaYMV__R2__competitor__1 7.5s
2026-10-04 01:36:28,266 INFO kincp.run: skip GBLUP__barley__BaYMV__R1__explore__1
2026-10-04 01:36:28,266 INFO kincp.run: skip GBLUP__barley__BaYMV__R2__explore__1
2026-10-04 01:36:28,266 INFO kincp.run: skip GBLUP__barley__BaYMV__R1__dedup__1
2026-10-04 01:36:28,348 INFO kincp.run: skip sim__pig__h0.2__q10__r2__R1
2026-10-04 01:36:28,348 INFO kincp.run: skip sim__pig__h0.2__q10__r2__R2
2026-10-04 01:36:28,348 INFO kincp.run: skip sim__pig__h0.2__q10__r3__R1
2026-10-04 01:36:28,348 INFO kincp.run: skip sim__pig__h0.2__q10__r3__R2
2026-10-04 01:36:28,354 INFO kincp.run: skip sim__pig__h0.2__q10__r4__R1
2026-10-04 01:36:28,354 INFO kincp.run: skip sim__pig__h0.2__q10__r4__R2
2026-10-04 01:36:28,354 INFO kincp.run: skip sim__pig__h0.2__q10__r5__R1
2026-10-04 01:36:28,354 INFO kincp.run: skip sim__pig__h0.2__q10__r5__R2
2026-10-04 01:36:28,354 INFO kincp.run: skip sim__pig__h0.2__q1000__r1__R1
2026-10-04 01:36:28,354 INFO kincp.run: skip sim__pig__h0.2__q1000__r1__R2
2026-10-04 01:36:28,354 INFO kincp.run: skip sim__pig__h0.2__q1000__r2__R1
2026-10-04 01:36:28,354 INFO kincp.run: skip sim__pig__h0.2__q1000__r2__R2
2026-10-04 01:36:28,355 INFO kincp.run: skip sim__pig__h0.2__q1000__r3__R1
2026-10-04 01:36:28,355 INFO kincp.run: skip sim__pig__h0.2__q1000__r3__R2
2026-10-04 01:36:28,355 INFO kincp.run: skip sim__pig__h0.2__q1000__r4__R1
2026-10-04 01:36:28,355 INFO kincp.run: skip sim__pig__h0.2__q1000__r4__R2
2026-10-04 01:36:28,355 INFO kincp.run: skip sim__pig__h0.2__q1000__r5__R1
2026-10-04 01:36:28,355 INFO kincp.run: skip sim__pig__h0.2__q1000__r5__R2
2026-10-04 01:36:28,355 INFO kincp.run: skip sim__pig__h0.5__q10__r1__R1
2026-10-04 01:36:28,358 INFO kincp.run: skip sim__pig__h0.5__q10__r1__R2
2026-10-04 01:36:28,358 INFO kincp.run: skip sim__pig__h0.5__q10__r2__R1
2026-10-04 01:36:28,359 INFO kincp.run: skip sim__pig__h0.5__q10__r2__R2
2026-10-04 01:36:28,359 INFO kincp.run: skip sim__pig__h0.5__q10__r3__R1
2026-10-04 01:36:28,359 INFO kincp.run: skip sim__pig__h0.5__q10__r3__R2
2026-10-04 01:36:28,359 INFO kincp.run: skip sim__pig__h0.5__q10__r4__R1
2026-10-04 01:36:28,359 INFO kincp.run: skip sim__pig__h0.5__q10__r4__R2
2026-10-04 01:36:28,359 INFO kincp.run: skip sim__pig__h0.5__q10__r5__R1
2026-10-04 01:36:28,359 INFO kincp.run: skip sim__pig__h0.5__q10__r5__R2
2026-10-04 01:36:28,359 INFO kincp.run: skip sim__pig__h0.5__q1000__r1__R1
2026-10-04 01:36:28,359 INFO kincp.run: skip sim__pig__h0.5__q1000__r1__R2
2026-10-04 01:36:28,359 INFO kincp.run: skip sim__pig__h0.5__q1000__r2__R1
2026-10-04 01:36:28,359 INFO kincp.run: skip sim__pig__h0.5__q1000__r2__R2
2026-10-04 01:36:28,359 INFO kincp.run: skip sim__pig__h0.5__q1000__r3__R1
2026-10-04 01:36:28,359 INFO kincp.run: skip sim__pig__h0.5__q1000__r3__R2
2026-10-04 01:36:28,359 INFO kincp.run: skip sim__pig__h0.5__q1000__r4__R1
2026-10-04 01:36:28,359 INFO kincp.run: skip sim__pig__h0.5__q1000__r4__R2
2026-10-04 01:36:28,359 INFO kincp.run: skip sim__pig__h0.5__q1000__r5__R1
2026-10-04 01:36:28,359 INFO kincp.run: skip sim__pig__h0.5__q1000__r5__R2
2026-10-04 01:36:28,359 INFO kincp.run: skip sim__pig__h0.8__q10__r1__R1
2026-10-04 01:36:28,359 INFO kincp.run: skip sim__pig__h0.8__q10__r1__R2
2026-10-04 01:36:28,360 INFO kincp.run: skip sim__pig__h0.8__q10__r2__R1
2026-10-04 01:36:28,360 INFO kincp.run: skip sim__pig__h0.8__q10__r2__R2
2026-10-04 01:36:28,360 INFO kincp.run: skip sim__pig__h0.8__q10__r3__R1
2026-10-04 01:36:28,360 INFO kincp.run: skip sim__pig__h0.8__q10__r3__R2
2026-10-04 01:36:28,360 INFO kincp.run: skip sim__pig__h0.8__q10__r4__R1
2026-10-04 01:36:28,360 INFO kincp.run: skip sim__pig__h0.8__q10__r4__R2
2026-10-04 01:36:28,360 INFO kincp.run: skip sim__pig__h0.8__q10__r5__R1
2026-10-04 01:36:28,360 INFO kincp.run: skip sim__pig__h0.8__q10__r5__R2
2026-10-04 01:36:28,360 INFO kincp.run: skip sim__pig__h0.8__q1000__r1__R1
2026-10-04 01:36:28,360 INFO kincp.run: skip sim__pig__h0.8__q1000__r1__R2
2026-10-04 01:36:28,360 INFO kincp.run: skip sim__pig__h0.8__q1000__r2__R1
2026-10-04 01:36:28,360 INFO kincp.run: skip sim__pig__h0.8__q1000__r2__R2
2026-10-04 01:36:28,372 INFO kincp.run: skip sim__pig__h0.8__q1000__r3__R1
2026-10-04 01:36:28,375 INFO kincp.run: skip sim__pig__h0.8__q1000__r3__R2
2026-10-04 01:36:28,375 INFO kincp.run: skip sim__pig__h0.8__q1000__r4__R1
2026-10-04 01:36:28,375 INFO kincp.run: skip sim__pig__h0.8__q1000__r4__R2
2026-10-04 01:36:28,375 INFO kincp.run: skip sim__pig__h0.8__q1000__r5__R1
2026-10-04 01:36:28,375 INFO kincp.run: skip sim__pig__h0.8__q1000__r5__R2
2026-10-04 01:36:28,375 INFO kincp.run: skip LightGBM__bean__DF__R1__main__1
2026-10-04 01:36:28,375 INFO kincp.run: skip LightGBM__bean__DF__R2__main__1
2026-10-04 01:36:28,375 INFO kincp.run: skip LightGBM__bean__DPM__R1__main__1
2026-10-04 01:36:28,375 INFO kincp.run: skip LightGBM__bean__DPM__R2__main__1
2026-10-04 01:36:28,385 INFO kincp.run: skip LightGBM__bean__PHI__R1__main__1
2026-10-04 01:36:28,385 INFO kincp.run: skip LightGBM__bean__PHI__R2__main__1
2026-10-04 01:36:28,385 INFO kincp.run: skip LightGBM__lentil__DTF__R1__main__1
2026-10-04 01:36:28,385 INFO kincp.run: skip LightGBM__lentil__DTF__R2__main__1
2026-10-04 01:36:28,385 INFO kincp.run: skip LightGBM__lentil__VEG__R1__main__1
2026-10-04 01:36:28,386 INFO kincp.run: skip LightGBM__lentil__VEG__R2__main__1
2026-10-04 01:36:28,386 INFO kincp.run: skip LightGBM__lentil__DTM__R1__main__1
2026-10-04 01:36:28,386 INFO kincp.run: skip LightGBM__lentil__DTM__R2__main__1
2026-10-04 01:36:28,386 INFO kincp.run: skip GBLUP__pine__rootnum__R1__main__12345
2026-10-04 01:36:28,386 INFO kincp.run: skip GBLUP__pine__rootnum__R2__main__12345
2026-10-04 01:36:28,386 INFO kincp.run: skip GBLUP__pine__rootnum__R3__main__12345
2026-10-04 01:36:28,386 INFO kincp.run: skip RKHS__pine__rootnum__R1__main__1
2026-10-04 01:36:28,386 INFO kincp.run: skip RKHS__pine__rootnum__R2__main__12
2026-10-04 01:36:28,386 INFO kincp.run: skip GBLUP__pine__rootnum__R2k3__granularity__1
2026-10-04 01:36:33,923 INFO kincp.run: skip GBLUP__pine__rootnum__R2k10__granularity__1
2026-10-04 01:36:33,924 INFO kincp.run: done GBLUP__pine__rootnum__R1__competitor__1 3.1s
2026-10-04 01:36:33,924 INFO kincp.run: done GBLUP__pine__rootnum__R2__competitor__1 2.5s
2026-10-04 01:36:33,924 INFO kincp.run: skip GBLUP__pine__rootnum__R1__explore__1
2026-10-04 01:36:33,987 INFO kincp.run: skip GBLUP__pine__rootnum__R2__explore__1
2026-10-04 01:36:33,987 INFO kincp.run: skip GBLUP__pine__rootnum__R1__dedup__1
2026-10-04 01:36:33,987 INFO kincp.run: skip GBLUP__pine__rootnum__R2__dedup__1
2026-10-04 01:36:33,987 INFO kincp.run: skip GBLUP__pine__rootnumbin__R1__main__12345
2026-10-04 01:36:33,987 INFO kincp.run: skip GBLUP__pine__rootnumbin__R2__main__12345
2026-10-04 01:36:33,987 INFO kincp.run: skip GBLUP__pine__rootnumbin__R3__main__12345
2026-10-04 01:36:33,987 INFO kincp.run: skip RKHS__pine__rootnumbin__R1__main__1
2026-10-04 01:36:33,987 INFO kincp.run: skip RKHS__pine__rootnumbin__R2__main__12
2026-10-04 01:36:39,846 INFO kincp.run: skip GBLUP__pine__rootnumbin__R2k3__granularity__1
2026-10-04 01:36:39,846 INFO kincp.run: skip GBLUP__pine__rootnumbin__R2k10__granularity__1
2026-10-04 01:36:39,846 INFO kincp.run: done GBLUP__pine__rootnumbin__R1__competitor__1 3.2s
2026-10-04 01:36:39,846 INFO kincp.run: done GBLUP__pine__rootnumbin__R2__competitor__1 2.7s
2026-10-04 01:36:39,907 INFO kincp.run: skip GBLUP__pine__rootnumbin__R1__explore__1
2026-10-04 01:36:39,907 INFO kincp.run: skip GBLUP__pine__rootnumbin__R2__explore__1
2026-10-04 01:36:39,907 INFO kincp.run: skip GBLUP__pine__rootnumbin__R1__dedup__1
2026-10-04 01:36:39,907 INFO kincp.run: skip GBLUP__pine__rootnumbin__R2__dedup__1
2026-10-04 01:36:39,908 INFO kincp.run: skip GBLUP__pine__c5c6__R1__main__12345
2026-10-04 01:36:39,908 INFO kincp.run: skip GBLUP__pine__c5c6__R2__main__12345
2026-10-04 01:36:39,908 INFO kincp.run: skip GBLUP__pine__c5c6__R3__main__12345
2026-10-04 01:36:39,908 INFO kincp.run: skip RKHS__pine__c5c6__R1__main__1
2026-10-04 01:36:43,020 INFO kincp.run: skip RKHS__pine__c5c6__R2__main__12
2026-10-04 01:36:43,021 INFO kincp.run: skip GBLUP__pine__c5c6__R2k3__granularity__1
2026-10-04 01:36:43,021 INFO kincp.run: skip GBLUP__pine__c5c6__R2k10__granularity__1
2026-10-04 01:36:43,021 INFO kincp.run: done GBLUP__pine__c5c6__R1__competitor__1 3.1s
2026-10-04 01:36:45,531 INFO kincp.run: done GBLUP__pine__c5c6__R2__competitor__1 2.4s
2026-10-04 01:36:45,531 INFO kincp.run: skip GBLUP__pine__c5c6__R1__explore__1
2026-10-04 01:36:45,531 INFO kincp.run: skip GBLUP__pine__c5c6__R2__explore__1
2026-10-04 01:36:45,531 INFO kincp.run: skip GBLUP__pine__c5c6__R1__dedup__1
2026-10-04 01:36:45,531 INFO kincp.run: skip GBLUP__pine__c5c6__R2__dedup__1
2026-10-04 01:36:45,531 INFO kincp.run: skip LightGBM__oyster__mm__R1__main__1
2026-10-04 01:36:45,531 INFO kincp.run: skip LightGBM__oyster__mm__R2__main__1
2026-10-04 01:36:45,531 INFO kincp.run: skip LightGBM__rice__Plant_height__R1__main__1
2026-10-04 01:36:45,592 INFO kincp.run: skip LightGBM__rice__Plant_height__R2__main__1
2026-10-04 01:36:45,592 INFO kincp.run: skip LightGBM__rice__Culm_habit__R1__main__1
2026-10-04 01:36:45,592 INFO kincp.run: skip LightGBM__rice__Culm_habit__R2__main__1
2026-10-04 01:36:45,592 INFO kincp.run: skip LightGBM__rice__Flag_leaf_length__R1__main__1
2026-10-04 01:36:45,593 INFO kincp.run: skip LightGBM__rice__Flag_leaf_length__R2__main__1
2026-10-04 01:36:45,593 INFO kincp.run: skip LightGBM__soybean__C13__R1__main__1
2026-10-04 01:36:45,593 INFO kincp.run: skip LightGBM__soybean__C13__R2__main__1
2026-10-04 01:36:45,593 INFO kincp.run: skip LightGBM__soybean__Wilt__R1__main__1
2026-10-04 01:36:45,603 INFO kincp.run: skip LightGBM__soybean__Wilt__R2__main__1
2026-10-04 01:36:45,609 INFO kincp.run: skip LightGBM__wheatG__EW__R1__main__1
2026-10-04 01:36:45,609 INFO kincp.run: skip LightGBM__wheatG__EW__R2__main__1
2026-10-04 01:36:45,609 INFO kincp.run: skip LightGBM__wheatG__GH__R1__main__1
2026-10-04 01:36:45,609 INFO kincp.run: skip LightGBM__wheatG__GH__R2__main__1
2026-10-04 01:36:45,611 INFO kincp.run: skip LightGBM__wheatG__GPE__R1__main__1
2026-10-04 01:36:45,612 INFO kincp.run: skip LightGBM__wheatG__GPE__R2__main__1
2026-10-04 01:36:45,612 INFO kincp.run: skip sim__pine__h0.2__q10__r1__R1
2026-10-04 01:36:45,629 INFO kincp.run: skip sim__pine__h0.2__q10__r1__R2
2026-10-04 01:36:45,629 INFO kincp.run: skip sim__pine__h0.2__q10__r2__R1
2026-10-04 01:36:45,629 INFO kincp.run: skip sim__pine__h0.2__q10__r2__R2
2026-10-04 01:36:45,630 INFO kincp.run: skip sim__pine__h0.2__q10__r3__R1
2026-10-04 01:36:45,630 INFO kincp.run: skip sim__pine__h0.2__q10__r3__R2
2026-10-04 01:36:45,630 INFO kincp.run: skip sim__pine__h0.2__q10__r4__R1
2026-10-04 01:36:45,630 INFO kincp.run: skip sim__pine__h0.2__q10__r4__R2
2026-10-04 01:36:45,630 INFO kincp.run: skip sim__pine__h0.2__q10__r5__R1
2026-10-04 01:36:45,630 INFO kincp.run: skip sim__pine__h0.2__q10__r5__R2
2026-10-04 01:36:45,630 INFO kincp.run: skip sim__pine__h0.2__q1000__r1__R1
2026-10-04 01:36:45,630 INFO kincp.run: skip sim__pine__h0.2__q1000__r1__R2
2026-10-04 01:36:45,630 INFO kincp.run: skip sim__pine__h0.2__q1000__r2__R1
2026-10-04 01:36:45,630 INFO kincp.run: skip sim__pine__h0.2__q1000__r2__R2
2026-10-04 01:36:45,630 INFO kincp.run: skip sim__pine__h0.2__q1000__r3__R1
2026-10-04 01:36:45,630 INFO kincp.run: skip sim__pine__h0.2__q1000__r3__R2
2026-10-04 01:36:45,630 INFO kincp.run: skip sim__pine__h0.2__q1000__r4__R1
2026-10-04 01:36:45,630 INFO kincp.run: skip sim__pine__h0.2__q1000__r4__R2
2026-10-04 01:36:45,630 INFO kincp.run: skip sim__pine__h0.2__q1000__r5__R1
2026-10-04 01:36:45,630 INFO kincp.run: skip sim__pine__h0.2__q1000__r5__R2
2026-10-04 01:36:45,630 INFO kincp.run: skip sim__pine__h0.5__q10__r1__R1
2026-10-04 01:36:45,630 INFO kincp.run: skip sim__pine__h0.5__q10__r1__R2
2026-10-04 01:36:45,630 INFO kincp.run: skip sim__pine__h0.5__q10__r2__R1
2026-10-04 01:36:45,630 INFO kincp.run: skip sim__pine__h0.5__q10__r2__R2
2026-10-04 01:36:45,630 INFO kincp.run: skip sim__pine__h0.5__q10__r3__R1
2026-10-04 01:36:45,630 INFO kincp.run: skip sim__pine__h0.5__q10__r3__R2
2026-10-04 01:36:45,630 INFO kincp.run: skip sim__pine__h0.5__q10__r4__R1
2026-10-04 01:36:45,630 INFO kincp.run: skip sim__pine__h0.5__q10__r4__R2
2026-10-04 01:36:45,630 INFO kincp.run: skip sim__pine__h0.5__q10__r5__R1
2026-10-04 01:36:45,630 INFO kincp.run: skip sim__pine__h0.5__q10__r5__R2
2026-10-04 01:36:45,630 INFO kincp.run: skip sim__pine__h0.5__q1000__r1__R1
2026-10-04 01:36:45,630 INFO kincp.run: skip sim__pine__h0.5__q1000__r1__R2
2026-10-04 01:36:45,631 INFO kincp.run: skip sim__pine__h0.5__q1000__r2__R1
2026-10-04 01:36:45,631 INFO kincp.run: skip sim__pine__h0.5__q1000__r2__R2
2026-10-04 01:36:45,631 INFO kincp.run: skip sim__pine__h0.5__q1000__r3__R1
2026-10-04 01:36:45,631 INFO kincp.run: skip sim__pine__h0.5__q1000__r3__R2
2026-10-04 01:36:45,631 INFO kincp.run: skip sim__pine__h0.5__q1000__r4__R1
2026-10-04 01:36:45,631 INFO kincp.run: skip sim__pine__h0.5__q1000__r4__R2
2026-10-04 01:36:45,631 INFO kincp.run: skip sim__pine__h0.5__q1000__r5__R1
2026-10-04 01:36:45,631 INFO kincp.run: skip sim__pine__h0.5__q1000__r5__R2
2026-10-04 01:36:45,631 INFO kincp.run: skip sim__pine__h0.8__q10__r1__R1
2026-10-04 01:36:45,631 INFO kincp.run: skip sim__pine__h0.8__q10__r1__R2
2026-10-04 01:36:45,631 INFO kincp.run: skip sim__pine__h0.8__q10__r2__R1
2026-10-04 01:36:45,631 INFO kincp.run: skip sim__pine__h0.8__q10__r2__R2
2026-10-04 01:36:45,631 INFO kincp.run: skip sim__pine__h0.8__q10__r3__R1
2026-10-04 01:36:45,631 INFO kincp.run: skip sim__pine__h0.8__q10__r3__R2
2026-10-04 01:36:45,631 INFO kincp.run: skip sim__pine__h0.8__q10__r4__R1
2026-10-04 01:36:45,631 INFO kincp.run: skip sim__pine__h0.8__q10__r4__R2
2026-10-04 01:36:45,631 INFO kincp.run: skip sim__pine__h0.8__q10__r5__R1
2026-10-04 01:36:45,631 INFO kincp.run: skip sim__pine__h0.8__q10__r5__R2
2026-10-04 01:36:45,631 INFO kincp.run: skip sim__pine__h0.8__q1000__r1__R1
2026-10-04 01:36:45,632 INFO kincp.run: skip sim__pine__h0.8__q1000__r1__R2
2026-10-04 01:36:45,632 INFO kincp.run: skip sim__pine__h0.8__q1000__r2__R1
2026-10-04 01:36:45,632 INFO kincp.run: skip sim__pine__h0.8__q1000__r2__R2
2026-10-04 01:36:45,632 INFO kincp.run: skip sim__pine__h0.8__q1000__r3__R1
2026-10-04 01:36:45,632 INFO kincp.run: skip sim__pine__h0.8__q1000__r3__R2
2026-10-04 01:36:45,632 INFO kincp.run: skip sim__pine__h0.8__q1000__r4__R1
2026-10-04 01:36:45,632 INFO kincp.run: skip sim__pine__h0.8__q1000__r4__R2
2026-10-04 01:36:45,632 INFO kincp.run: skip sim__pine__h0.8__q1000__r5__R1
2026-10-04 01:36:45,633 INFO kincp.run: skip sim__pine__h0.8__q1000__r5__R2
2026-10-04 01:36:45,633 INFO kincp.run: skip GBLUP__bean__DF__R1__main__12345
2026-10-04 01:36:45,633 INFO kincp.run: skip GBLUP__bean__DF__R2__main__12345
2026-10-04 01:36:45,633 INFO kincp.run: skip GBLUP__bean__DF__R3__main__12345
2026-10-04 01:36:45,633 INFO kincp.run: skip RKHS__bean__DF__R1__main__1
2026-10-04 01:36:45,633 INFO kincp.run: skip RKHS__bean__DF__R2__main__12
2026-10-04 01:36:48,236 INFO kincp.run: skip GBLUP__bean__DF__R2k3__granularity__1
2026-10-04 01:36:48,236 INFO kincp.run: skip GBLUP__bean__DF__R2k10__granularity__1
2026-10-04 01:36:48,236 INFO kincp.run: done GBLUP__bean__DF__R1__competitor__1 1.3s
2026-10-04 01:36:48,236 INFO kincp.run: done GBLUP__bean__DF__R2__competitor__1 1.3s
2026-10-04 01:36:48,297 INFO kincp.run: skip GBLUP__bean__DF__R1__explore__1
2026-10-04 01:36:48,297 INFO kincp.run: skip GBLUP__bean__DF__R2__explore__1
2026-10-04 01:36:48,298 INFO kincp.run: skip GBLUP__bean__DF__R1__dedup__1
2026-10-04 01:36:48,298 INFO kincp.run: skip GBLUP__bean__DF__R2__dedup__1
2026-10-04 01:36:48,308 INFO kincp.run: skip GBLUP__bean__DPM__R1__main__12345
2026-10-04 01:36:48,308 INFO kincp.run: skip GBLUP__bean__DPM__R2__main__12345
2026-10-04 01:36:48,308 INFO kincp.run: skip GBLUP__bean__DPM__R3__main__12345
2026-10-04 01:36:48,308 INFO kincp.run: skip RKHS__bean__DPM__R1__main__1
2026-10-04 01:36:48,521 INFO kincp.run: done GBLUP__pig__PFAI__R1__competitor__1 11.3s
2026-10-04 01:36:48,521 INFO kincp.run: done GBLUP__pig__PFAI__R2__competitor__1 11.2s
2026-10-04 01:36:48,521 INFO kincp.run: skip GBLUP__pig__PFAI__R1__explore__1
2026-10-04 01:36:48,521 INFO kincp.run: skip GBLUP__pig__PFAI__R2__explore__1
2026-10-04 01:36:48,521 INFO kincp.run: skip GBLUP__pig__PFAI__R1__dedup__1
2026-10-04 01:36:48,521 INFO kincp.run: skip GBLUP__pig__PFAI__R2__dedup__1
2026-10-04 01:36:48,521 INFO kincp.run: skip sim__pig__h0.2__q10__r1__R1
2026-10-04 01:36:48,521 INFO kincp.run: skip sim__pig__h0.2__q10__r1__R2
2026-10-04 01:36:49,674 INFO kincp.run: skip RKHS__bean__DPM__R2__main__12
2026-10-04 01:36:49,674 INFO kincp.run: skip GBLUP__bean__DPM__R2k3__granularity__1
2026-10-04 01:36:49,674 INFO kincp.run: skip GBLUP__bean__DPM__R2k10__granularity__1
2026-10-04 01:36:49,674 INFO kincp.run: done GBLUP__bean__DPM__R1__competitor__1 1.4s
2026-10-04 01:36:49,747 INFO kincp.run: skip GBLUP__bean__DPM__R2__dedup__1
2026-10-04 01:36:49,747 INFO kincp.run: skip GBLUP__bean__PHI__R1__main__12345
2026-10-04 01:36:49,747 INFO kincp.run: skip GBLUP__bean__PHI__R2__main__12345
2026-10-04 01:36:49,747 INFO kincp.run: skip GBLUP__bean__PHI__R3__main__12345
2026-10-04 01:36:49,747 INFO kincp.run: skip RKHS__bean__PHI__R1__main__1
2026-10-04 01:36:49,747 INFO kincp.run: skip RKHS__bean__PHI__R2__main__12
2026-10-04 01:36:49,747 INFO kincp.run: skip GBLUP__bean__PHI__R2k3__granularity__1
2026-10-04 01:36:49,747 INFO kincp.run: skip GBLUP__bean__PHI__R2k10__granularity__1
2026-10-04 01:36:49,860 INFO kincp.run: done GBLUP__bean__DPM__R2__competitor__1 1.3s
2026-10-04 01:36:49,860 INFO kincp.run: skip GBLUP__bean__DPM__R1__explore__1
2026-10-04 01:36:49,860 INFO kincp.run: skip GBLUP__bean__DPM__R2__explore__1
2026-10-04 01:36:49,860 INFO kincp.run: skip GBLUP__bean__DPM__R1__dedup__1
2026-10-04 01:36:49,928 INFO kincp.run: skip GBLUP__bean__PHI__R1__dedup__1
2026-10-04 01:36:49,928 INFO kincp.run: skip GBLUP__bean__PHI__R2__dedup__1
2026-10-04 01:36:49,928 INFO kincp.run: skip GBLUP__lentil__DTF__R1__main__12345
2026-10-04 01:36:49,928 INFO kincp.run: skip GBLUP__lentil__DTF__R2__main__12345
2026-10-04 01:36:49,929 INFO kincp.run: skip GBLUP__lentil__DTF__R3__main__12345
2026-10-04 01:36:49,940 INFO kincp.run: skip RKHS__lentil__DTF__R1__main__1
2026-10-04 01:36:49,940 INFO kincp.run: skip RKHS__lentil__DTF__R2__main__12
2026-10-04 01:36:49,940 INFO kincp.run: skip GBLUP__lentil__DTF__R2k3__granularity__1
2026-10-04 01:36:49,940 INFO kincp.run: skip GBLUP__lentil__DTF__R2k10__granularity__1
2026-10-04 01:36:50,979 INFO kincp.run: done GBLUP__lentil__DTF__R1__competitor__1 1.0s
2026-10-04 01:36:52,094 INFO kincp.run: done GBLUP__lentil__DTF__R2__competitor__1 1.1s
2026-10-04 01:36:52,155 INFO kincp.run: skip GBLUP__lentil__DTF__R1__explore__1
2026-10-04 01:36:52,158 INFO kincp.run: skip GBLUP__lentil__DTF__R2__explore__1
2026-10-04 01:36:52,161 INFO kincp.run: skip GBLUP__lentil__DTF__R1__dedup__1
2026-10-04 01:36:52,161 INFO kincp.run: skip GBLUP__lentil__DTF__R2__dedup__1
2026-10-04 01:36:52,161 INFO kincp.run: skip GBLUP__lentil__VEG__R1__main__12345
2026-10-04 01:36:52,163 INFO kincp.run: skip GBLUP__lentil__VEG__R2__main__12345
2026-10-04 01:36:52,173 INFO kincp.run: skip GBLUP__lentil__VEG__R3__main__12345
2026-10-04 01:36:52,173 INFO kincp.run: skip RKHS__lentil__VEG__R1__main__1
2026-10-04 01:36:52,173 INFO kincp.run: skip RKHS__lentil__VEG__R2__main__12
2026-10-04 01:36:52,174 INFO kincp.run: skip GBLUP__lentil__VEG__R2k3__granularity__1
2026-10-04 01:36:52,174 INFO kincp.run: skip GBLUP__lentil__VEG__R2k10__granularity__1
2026-10-04 01:36:52,439 INFO kincp.run: done GBLUP__bean__PHI__R1__competitor__1 1.4s
2026-10-04 01:36:52,439 INFO kincp.run: done GBLUP__bean__PHI__R2__competitor__1 1.3s
2026-10-04 01:36:52,439 INFO kincp.run: skip GBLUP__bean__PHI__R1__explore__1
2026-10-04 01:36:52,439 INFO kincp.run: skip GBLUP__bean__PHI__R2__explore__1
2026-10-04 01:36:53,186 INFO kincp.run: done GBLUP__lentil__VEG__R1__competitor__1 1.0s
2026-10-04 01:36:53,259 INFO kincp.run: skip GBLUP__lentil__VEG__R1__explore__1
2026-10-04 01:36:53,260 INFO kincp.run: skip GBLUP__lentil__VEG__R2__explore__1
2026-10-04 01:36:53,260 INFO kincp.run: skip GBLUP__lentil__VEG__R1__dedup__1
2026-10-04 01:36:53,260 INFO kincp.run: skip GBLUP__lentil__VEG__R2__dedup__1
2026-10-04 01:36:53,261 INFO kincp.run: skip GBLUP__lentil__DTM__R1__main__12345
2026-10-04 01:36:53,261 INFO kincp.run: skip GBLUP__lentil__DTM__R2__main__12345
2026-10-04 01:36:53,261 INFO kincp.run: skip GBLUP__lentil__DTM__R3__main__12345
2026-10-04 01:36:53,261 INFO kincp.run: skip RKHS__lentil__DTM__R1__main__1
2026-10-04 01:36:53,261 INFO kincp.run: skip RKHS__lentil__DTM__R2__main__12
2026-10-04 01:36:53,261 INFO kincp.run: skip GBLUP__lentil__DTM__R2k3__granularity__1
2026-10-04 01:36:53,272 INFO kincp.run: skip GBLUP__lentil__DTM__R2k10__granularity__1
2026-10-04 01:36:53,507 INFO kincp.run: done GBLUP__lentil__VEG__R2__competitor__1 1.0s
2026-10-04 01:36:54,280 INFO kincp.run: done GBLUP__lentil__DTM__R1__competitor__1 1.0s
2026-10-04 01:36:54,345 INFO kincp.run: skip GBLUP__lentil__DTM__R1__explore__1
2026-10-04 01:36:54,346 INFO kincp.run: skip GBLUP__lentil__DTM__R2__explore__1
2026-10-04 01:36:54,347 INFO kincp.run: skip GBLUP__lentil__DTM__R1__dedup__1
2026-10-04 01:36:54,347 INFO kincp.run: skip GBLUP__lentil__DTM__R2__dedup__1
2026-10-04 01:36:54,347 INFO kincp.run: skip GBLUP__oyster__mm__R1__main__12345
2026-10-04 01:36:54,347 INFO kincp.run: skip GBLUP__oyster__mm__R2__main__12345
2026-10-04 01:36:54,347 INFO kincp.run: skip GBLUP__oyster__mm__R3__main__12345
2026-10-04 01:36:54,357 INFO kincp.run: skip RKHS__oyster__mm__R1__main__1
2026-10-04 01:36:54,357 INFO kincp.run: skip RKHS__oyster__mm__R2__main__12
2026-10-04 01:36:54,357 INFO kincp.run: skip GBLUP__oyster__mm__R2k3__granularity__1
2026-10-04 01:36:54,357 INFO kincp.run: skip GBLUP__oyster__mm__R2k10__granularity__1
2026-10-04 01:36:54,580 INFO kincp.run: done GBLUP__lentil__DTM__R2__competitor__1 1.0s
2026-10-04 01:36:55,509 INFO kincp.run: skip GBLUP__oyster__mm__R2fam__families__12345
2026-10-04 01:36:55,509 INFO kincp.run: done GBLUP__oyster__mm__R1__competitor__1 1.2s
2026-10-04 01:36:55,582 INFO kincp.run: skip GBLUP__oyster__mm__R2__explore__1
2026-10-04 01:36:55,582 INFO kincp.run: skip GBLUP__oyster__mm__R1__dedup__1
2026-10-04 01:36:55,582 INFO kincp.run: skip GBLUP__oyster__mm__R2__dedup__1
2026-10-04 01:36:55,582 INFO kincp.run: skip GBLUP__rice__Plant_height__R1__main__12345
2026-10-04 01:36:55,582 INFO kincp.run: skip GBLUP__rice__Plant_height__R2__main__12345
2026-10-04 01:36:55,583 INFO kincp.run: skip GBLUP__rice__Plant_height__R3__main__12345
2026-10-04 01:36:55,583 INFO kincp.run: skip RKHS__rice__Plant_height__R1__main__1
2026-10-04 01:36:55,583 INFO kincp.run: skip RKHS__rice__Plant_height__R2__main__12
2026-10-04 01:36:55,583 INFO kincp.run: skip GBLUP__rice__Plant_height__R2k3__granularity__1
2026-10-04 01:36:55,583 INFO kincp.run: skip GBLUP__rice__Plant_height__R2k10__granularity__1
2026-10-04 01:36:55,786 INFO kincp.run: done GBLUP__oyster__mm__R2__competitor__1 1.1s
2026-10-04 01:36:55,786 INFO kincp.run: skip GBLUP__oyster__mm__R1__explore__1
2026-10-04 01:36:55,847 INFO kincp.run: skip GBLUP__rice__Plant_height__R1__explore__1
2026-10-04 01:36:55,847 INFO kincp.run: skip GBLUP__rice__Plant_height__R2__explore__1
2026-10-04 01:36:55,847 INFO kincp.run: skip GBLUP__rice__Plant_height__R1__dedup__1
2026-10-04 01:36:55,847 INFO kincp.run: skip GBLUP__rice__Plant_height__R2__dedup__1
2026-10-04 01:36:55,847 INFO kincp.run: skip GBLUP__rice__Culm_habit__R1__main__12345
2026-10-04 01:36:55,847 INFO kincp.run: skip GBLUP__rice__Culm_habit__R2__main__12345
2026-10-04 01:36:55,847 INFO kincp.run: skip GBLUP__rice__Culm_habit__R3__main__12345
2026-10-04 01:36:55,847 INFO kincp.run: skip RKHS__rice__Culm_habit__R1__main__1
2026-10-04 01:36:55,847 INFO kincp.run: skip RKHS__rice__Culm_habit__R2__main__12
2026-10-04 01:36:55,847 INFO kincp.run: skip GBLUP__rice__Culm_habit__R2k3__granularity__1
2026-10-04 01:36:56,982 INFO kincp.run: skip GBLUP__rice__Culm_habit__R2k10__granularity__1
2026-10-04 01:36:56,983 INFO kincp.run: done GBLUP__rice__Culm_habit__R1__competitor__1 1.1s
2026-10-04 01:36:57,960 INFO kincp.run: done GBLUP__rice__Plant_height__R1__competitor__1 1.3s
2026-10-04 01:36:57,960 INFO kincp.run: done GBLUP__rice__Plant_height__R2__competitor__1 1.1s
2026-10-04 01:36:58,053 INFO kincp.run: skip GBLUP__rice__Culm_habit__R2__explore__1
2026-10-04 01:36:58,053 INFO kincp.run: skip GBLUP__rice__Culm_habit__R1__dedup__1
2026-10-04 01:36:58,053 INFO kincp.run: skip GBLUP__rice__Culm_habit__R2__dedup__1
2026-10-04 01:36:58,053 INFO kincp.run: skip GBLUP__rice__Flag_leaf_length__R1__main__12345
2026-10-04 01:36:58,053 INFO kincp.run: skip GBLUP__rice__Flag_leaf_length__R2__main__12345
2026-10-04 01:36:58,054 INFO kincp.run: skip GBLUP__rice__Flag_leaf_length__R3__main__12345
2026-10-04 01:36:58,054 INFO kincp.run: skip RKHS__rice__Flag_leaf_length__R1__main__1
2026-10-04 01:36:58,054 INFO kincp.run: skip RKHS__rice__Flag_leaf_length__R2__main__12
2026-10-04 01:36:58,054 INFO kincp.run: skip GBLUP__rice__Flag_leaf_length__R2k3__granularity__1
2026-10-04 01:36:58,054 INFO kincp.run: skip GBLUP__rice__Flag_leaf_length__R2k10__granularity__1
2026-10-04 01:36:58,119 INFO kincp.run: done GBLUP__rice__Culm_habit__R2__competitor__1 1.1s
2026-10-04 01:36:58,119 INFO kincp.run: skip GBLUP__rice__Culm_habit__R1__explore__1
2026-10-04 01:36:58,180 INFO kincp.run: skip GBLUP__rice__Flag_leaf_length__R1__explore__1
2026-10-04 01:36:58,181 INFO kincp.run: skip GBLUP__rice__Flag_leaf_length__R2__explore__1
2026-10-04 01:36:58,192 INFO kincp.run: skip GBLUP__rice__Flag_leaf_length__R1__dedup__1
2026-10-04 01:36:58,192 INFO kincp.run: skip GBLUP__rice__Flag_leaf_length__R2__dedup__1
2026-10-04 01:36:58,192 INFO kincp.run: skip GBLUP__soybean__C13__R1__main__12345
2026-10-04 01:36:58,192 INFO kincp.run: skip GBLUP__soybean__C13__R2__main__12345
2026-10-04 01:36:58,192 INFO kincp.run: skip GBLUP__soybean__C13__R3__main__12345
2026-10-04 01:36:58,192 INFO kincp.run: skip RKHS__soybean__C13__R1__main__1
2026-10-04 01:36:58,192 INFO kincp.run: skip RKHS__soybean__C13__R2__main__12
2026-10-04 01:36:58,192 INFO kincp.run: skip GBLUP__soybean__C13__R2k3__granularity__1
2026-10-04 01:36:59,296 INFO kincp.run: skip GBLUP__soybean__C13__R2k10__granularity__1
2026-10-04 01:36:59,296 INFO kincp.run: done GBLUP__soybean__C13__R1__competitor__1 1.1s
2026-10-04 01:37:00,365 INFO kincp.run: done GBLUP__rice__Flag_leaf_length__R1__competitor__1 1.2s
2026-10-04 01:37:00,366 INFO kincp.run: done GBLUP__rice__Flag_leaf_length__R2__competitor__1 1.1s
2026-10-04 01:37:00,426 INFO kincp.run: skip GBLUP__soybean__C13__R2__explore__1
2026-10-04 01:37:00,427 INFO kincp.run: skip GBLUP__soybean__C13__R1__dedup__1
2026-10-04 01:37:00,427 INFO kincp.run: skip GBLUP__soybean__C13__R2__dedup__1
2026-10-04 01:37:00,427 INFO kincp.run: skip GBLUP__soybean__Wilt__R1__main__12345
2026-10-04 01:37:00,427 INFO kincp.run: skip GBLUP__soybean__Wilt__R2__main__12345
2026-10-04 01:37:00,427 INFO kincp.run: skip GBLUP__soybean__Wilt__R3__main__12345
2026-10-04 01:37:00,427 INFO kincp.run: skip RKHS__soybean__Wilt__R1__main__1
2026-10-04 01:37:00,427 INFO kincp.run: skip RKHS__soybean__Wilt__R2__main__12
2026-10-04 01:37:00,427 INFO kincp.run: skip GBLUP__soybean__Wilt__R2k3__granularity__1
2026-10-04 01:37:00,427 INFO kincp.run: skip GBLUP__soybean__Wilt__R2k10__granularity__1
2026-10-04 01:37:00,541 INFO kincp.run: done GBLUP__soybean__C13__R2__competitor__1 1.2s
2026-10-04 01:37:00,541 INFO kincp.run: skip GBLUP__soybean__C13__R1__explore__1
2026-10-04 01:37:00,612 INFO kincp.run: skip GBLUP__soybean__Wilt__R1__explore__1
2026-10-04 01:37:00,612 INFO kincp.run: skip GBLUP__soybean__Wilt__R2__explore__1
2026-10-04 01:37:00,612 INFO kincp.run: skip GBLUP__soybean__Wilt__R1__dedup__1
2026-10-04 01:37:00,612 INFO kincp.run: skip GBLUP__soybean__Wilt__R2__dedup__1
2026-10-04 01:37:00,612 INFO kincp.run: skip GBLUP__wheatG__EW__R1__main__12345
2026-10-04 01:37:00,612 INFO kincp.run: skip GBLUP__wheatG__EW__R2__main__12345
2026-10-04 01:37:00,612 INFO kincp.run: skip GBLUP__wheatG__EW__R3__main__12345
2026-10-04 01:37:00,612 INFO kincp.run: skip RKHS__wheatG__EW__R1__main__1
2026-10-04 01:37:00,612 INFO kincp.run: skip RKHS__wheatG__EW__R2__main__12
2026-10-04 01:37:00,612 INFO kincp.run: skip GBLUP__wheatG__EW__R2k3__granularity__1
2026-10-04 01:37:01,865 INFO kincp.run: skip GBLUP__wheatG__EW__R2k10__granularity__1
2026-10-04 01:37:01,870 INFO kincp.run: done GBLUP__wheatG__EW__R1__competitor__1 1.3s
2026-10-04 01:37:02,618 INFO kincp.run: done GBLUP__soybean__Wilt__R1__competitor__1 1.1s
2026-10-04 01:37:02,618 INFO kincp.run: done GBLUP__soybean__Wilt__R2__competitor__1 1.1s
2026-10-04 01:37:02,691 INFO kincp.run: skip GBLUP__wheatG__EW__R2__explore__1
2026-10-04 01:37:02,691 INFO kincp.run: skip GBLUP__wheatG__EW__R1__dedup__1
2026-10-04 01:37:02,691 INFO kincp.run: skip GBLUP__wheatG__EW__R2__dedup__1
2026-10-04 01:37:02,691 INFO kincp.run: skip GBLUP__wheatG__GH__R1__main__12345
2026-10-04 01:37:02,691 INFO kincp.run: skip GBLUP__wheatG__GH__R2__main__12345
2026-10-04 01:37:02,692 INFO kincp.run: skip GBLUP__wheatG__GH__R3__main__12345
2026-10-04 01:37:02,692 INFO kincp.run: skip RKHS__wheatG__GH__R1__main__1
2026-10-04 01:37:02,692 INFO kincp.run: skip RKHS__wheatG__GH__R2__main__12
2026-10-04 01:37:02,692 INFO kincp.run: skip GBLUP__wheatG__GH__R2k3__granularity__1
2026-10-04 01:37:02,692 INFO kincp.run: skip GBLUP__wheatG__GH__R2k10__granularity__1
2026-10-04 01:37:03,120 INFO kincp.run: done GBLUP__wheatG__EW__R2__competitor__1 1.2s
2026-10-04 01:37:03,121 INFO kincp.run: skip GBLUP__wheatG__EW__R1__explore__1
2026-10-04 01:37:03,200 INFO kincp.run: skip GBLUP__wheatG__GH__R1__explore__1
2026-10-04 01:37:03,203 INFO kincp.run: skip GBLUP__wheatG__GH__R2__explore__1
2026-10-04 01:37:03,205 INFO kincp.run: skip GBLUP__wheatG__GH__R1__dedup__1
2026-10-04 01:37:03,205 INFO kincp.run: skip GBLUP__wheatG__GH__R2__dedup__1
2026-10-04 01:37:03,205 INFO kincp.run: skip GBLUP__wheatG__GPE__R1__main__12345
2026-10-04 01:37:03,205 INFO kincp.run: skip GBLUP__wheatG__GPE__R2__main__12345
2026-10-04 01:37:03,205 INFO kincp.run: skip GBLUP__wheatG__GPE__R3__main__12345
2026-10-04 01:37:03,205 INFO kincp.run: skip RKHS__wheatG__GPE__R1__main__1
2026-10-04 01:37:03,205 INFO kincp.run: skip RKHS__wheatG__GPE__R2__main__12
2026-10-04 01:37:03,205 INFO kincp.run: skip GBLUP__wheatG__GPE__R2k3__granularity__1
2026-10-04 01:37:03,205 INFO kincp.run: skip GBLUP__wheatG__GPE__R2k10__granularity__1
2026-10-04 01:37:04,412 INFO kincp.run: done GBLUP__wheatG__GPE__R1__competitor__1 1.2s
2026-10-04 01:37:05,115 INFO kincp.run: done GBLUP__wheatG__GH__R1__competitor__1 1.2s
2026-10-04 01:37:05,115 INFO kincp.run: done GBLUP__wheatG__GH__R2__competitor__1 1.2s
2026-10-04 01:37:05,178 INFO kincp.run: skip GBLUP__wheatG__GPE__R1__explore__1
2026-10-04 01:37:05,178 INFO kincp.run: skip GBLUP__wheatG__GPE__R2__explore__1
2026-10-04 01:37:05,178 INFO kincp.run: skip GBLUP__wheatG__GPE__R1__dedup__1
2026-10-04 01:37:05,178 INFO kincp.run: skip GBLUP__wheatG__GPE__R2__dedup__1
2026-10-04 01:37:05,658 INFO kincp.run: done GBLUP__wheatG__GPE__R2__competitor__1 1.2s
2026-10-04 01:38:27,471 INFO kincp.run: skip GBLUP__maize__Plant_Height_cm__R2k10__granularity__1
2026-10-04 01:38:27,471 INFO kincp.run: done GBLUP__maize__Plant_Height_cm__R1__competitor__1 139.6s
2026-10-04 01:38:27,849 INFO kincp.run: done GBLUP__maize__Plant_Height_cm__R2__competitor__1 137.5s
2026-10-04 01:38:27,849 INFO kincp.run: skip GBLUP__maize__Plant_Height_cm__R1__explore__1
